# --------------------------------------------------- // System
# downgrade                                            # downgrade packages
# trash-cli-git                                        # cli to manage trash files
# libinput-gestures                                    # actions touchpad gestures using libinput
# gestures                                             # gui for libinput-gestures
unzip
go
bluez-utils
bluetooth-autoconnect
tailscale
encfs
seahorse
gvfs-smb
gvfs-mtp
amdvlk
reflector

# --------------------------------------------------- // Dependencies
xdg-desktop-portal-gtk                                 # xdg desktop portal using gtk
ttf-ms-win10-auto
# emote                                                # emoji picker gtk3

# --------------------------------------------------- // Gaming
# steam                                                  # gaming platform
# gamemode                                               # daemon and library for game optimisations
# mangohud                                               # system performance overlay
# gamescope                                            # micro-compositor for gaming

# --------------------------------------------------- // Music
# cava                                                   # audio visualizer
# spotify                                                # proprietary music streaming service
# spicetify-cli                                          # cli to customize spotify client

# --------------------------------------------------- // Apps
neovim                                               # vim based text editor
btop
powertop
mpv
jellyfin-mpv-shim

# --------------------------------------------------- // Shell
zsh
zoxide
fzf
bat
less
